// Vitest Snapshot v1, https://vitest.dev/guide/snapshot.html

exports[`generateBarrelFile > output does not change unexpectedly 1`] = `
[
  {
    "content": "export * from "./theme";
export * from "./tokens";
export * from "./utilities";
",
    "name": "./index.js",
  },
  {
    "content": "export * from "./theme";
export * from "./tokens";
export * from "./utilities";
",
    "name": "./index.d.ts",
  },
]
`;
